00:00 +0: loading /Users/raudineisilvapereira/Documents/SoloForte/soloforte_app/test/widget_test.dart                                                                                                  00:01 +0: loading /Users/raudineisilvapereira/Documents/SoloForte/soloforte_app/test/widget_test.dart                                                                                                  00:01 +0: SoloForteApp smoke test                                                                                                                                                                      00:01 +0: SoloForteApp smoke test                                                                                                                                                                      
══╡ EXCEPTION CAUGHT BY WIDGETS LIBRARY ╞═══════════════════════════════════════════════════════════
The following assertion was thrown building SoloForteApp(dirty, dependencies:
[UncontrolledProviderScope], state: _ConsumerState#0fcd7):
sub-route's parent navigator key must either be null or has the same navigator key as parent's key
'package:go_router/src/route.dart':
Failed assertion: line 518 pos 9: 'route.parentNavigatorKey == null ||
            route.parentNavigatorKey == navigatorKey'

The relevant error-causing widget was:
  SoloForteApp
  SoloForteApp:file:///Users/raudineisilvapereira/Documents/SoloForte/soloforte_app/test/widget_test.dart:11:56

When the exception was thrown, this was the stack:
#1      _ProviderStateSubscription.read (package:riverpod/src/framework/provider_base.dart:181:28)
#2      ConsumerStatefulElement.watch (package:flutter_riverpod/src/consumer.dart:568:8)
#3      SoloForteApp.build (package:soloforte_app/main.dart:51:24)
#4      _ConsumerState.build (package:flutter_riverpod/src/consumer.dart:476:19)
#5      StatefulElement.build (package:flutter/src/widgets/framework.dart:5934:27)
#6      ConsumerStatefulElement.build (package:flutter_riverpod/src/consumer.dart:539:20)
#7      ComponentElement.performRebuild (package:flutter/src/widgets/framework.dart:5820:15)
#8      StatefulElement.performRebuild (package:flutter/src/widgets/framework.dart:5985:11)
#9      Element.rebuild (package:flutter/src/widgets/framework.dart:5532:7)
#10     ComponentElement._firstBuild (package:flutter/src/widgets/framework.dart:5802:5)
#11     StatefulElement._firstBuild (package:flutter/src/widgets/framework.dart:5976:11)
#12     ComponentElement.mount (package:flutter/src/widgets/framework.dart:5796:5)
...     Normal element mounting (7 frames)
#19     _UncontrolledProviderScopeElement.mount (package:flutter_riverpod/src/framework.dart:315:11)
...     Normal element mounting (9 frames)
#28     Element.inflateWidget (package:flutter/src/widgets/framework.dart:4590:20)
#29     Element.updateChild (package:flutter/src/widgets/framework.dart:4053:20)
#30     ComponentElement.performRebuild (package:flutter/src/widgets/framework.dart:5844:16)
#31     Element.rebuild (package:flutter/src/widgets/framework.dart:5532:7)
#32     ProxyElement.update (package:flutter/src/widgets/framework.dart:6152:5)
#33     _InheritedNotifierElement.update (package:flutter/src/widgets/inherited_notifier.dart:108:11)
#34     Element.updateChild (package:flutter/src/widgets/framework.dart:4037:15)
#35     ComponentElement.performRebuild (package:flutter/src/widgets/framework.dart:5844:16)
#36     StatefulElement.performRebuild (package:flutter/src/widgets/framework.dart:5985:11)
#37     Element.rebuild (package:flutter/src/widgets/framework.dart:5532:7)
#38     StatefulElement.update (package:flutter/src/widgets/framework.dart:6010:5)
#39     Element.updateChild (package:flutter/src/widgets/framework.dart:4037:15)
#40     ComponentElement.performRebuild (package:flutter/src/widgets/framework.dart:5844:16)
#41     Element.rebuild (package:flutter/src/widgets/framework.dart:5532:7)
#42     ProxyElement.update (package:flutter/src/widgets/framework.dart:6152:5)
#43     _InheritedNotifierElement.update (package:flutter/src/widgets/inherited_notifier.dart:108:11)
#44     Element.updateChild (package:flutter/src/widgets/framework.dart:4037:15)
#45     ComponentElement.performRebuild (package:flutter/src/widgets/framework.dart:5844:16)
#46     StatefulElement.performRebuild (package:flutter/src/widgets/framework.dart:5985:11)
#47     Element.rebuild (package:flutter/src/widgets/framework.dart:5532:7)
#48     StatefulElement.update (package:flutter/src/widgets/framework.dart:6010:5)
#49     Element.updateChild (package:flutter/src/widgets/framework.dart:4037:15)
#50     ComponentElement.performRebuild (package:flutter/src/widgets/framework.dart:5844:16)
#51     StatefulElement.performRebuild (package:flutter/src/widgets/framework.dart:5985:11)
#52     Element.rebuild (package:flutter/src/widgets/framework.dart:5532:7)
#53     StatefulElement.update (package:flutter/src/widgets/framework.dart:6010:5)
#54     Element.updateChild (package:flutter/src/widgets/framework.dart:4037:15)
#55     ComponentElement.performRebuild (package:flutter/src/widgets/framework.dart:5844:16)
#56     Element.rebuild (package:flutter/src/widgets/framework.dart:5532:7)
#57     ProxyElement.update (package:flutter/src/widgets/framework.dart:6152:5)
#58     Element.updateChild (package:flutter/src/widgets/framework.dart:4037:15)
#59     ComponentElement.performRebuild (package:flutter/src/widgets/framework.dart:5844:16)
#60     StatefulElement.performRebuild (package:flutter/src/widgets/framework.dart:5985:11)
#61     Element.rebuild (package:flutter/src/widgets/framework.dart:5532:7)
#62     StatefulElement.update (package:flutter/src/widgets/framework.dart:6010:5)
#63     Element.updateChild (package:flutter/src/widgets/framework.dart:4037:15)
#64     ComponentElement.performRebuild (package:flutter/src/widgets/framework.dart:5844:16)
#65     Element.rebuild (package:flutter/src/widgets/framework.dart:5532:7)
#66     ProxyElement.update (package:flutter/src/widgets/framework.dart:6152:5)
#67     Element.updateChild (package:flutter/src/widgets/framework.dart:4037:15)
#68     ComponentElement.performRebuild (package:flutter/src/widgets/framework.dart:5844:16)
#69     Element.rebuild (package:flutter/src/widgets/framework.dart:5532:7)
#70     ProxyElement.update (package:flutter/src/widgets/framework.dart:6152:5)
#71     Element.updateChild (package:flutter/src/widgets/framework.dart:4037:15)
#72     _RawViewElement._updateChild (package:flutter/src/widgets/view.dart:481:16)
#73     _RawViewElement.update (package:flutter/src/widgets/view.dart:568:5)
#74     Element.updateChild (package:flutter/src/widgets/framework.dart:4037:15)
#75     ComponentElement.performRebuild (package:flutter/src/widgets/framework.dart:5844:16)
#76     Element.rebuild (package:flutter/src/widgets/framework.dart:5532:7)
#77     StatelessElement.update (package:flutter/src/widgets/framework.dart:5898:5)
#78     Element.updateChild (package:flutter/src/widgets/framework.dart:4037:15)
#79     ComponentElement.performRebuild (package:flutter/src/widgets/framework.dart:5844:16)
#80     StatefulElement.performRebuild (package:flutter/src/widgets/framework.dart:5985:11)
#81     Element.rebuild (package:flutter/src/widgets/framework.dart:5532:7)
#82     StatefulElement.update (package:flutter/src/widgets/framework.dart:6010:5)
#83     Element.updateChild (package:flutter/src/widgets/framework.dart:4037:15)
#84     RootElement._rebuild (package:flutter/src/widgets/binding.dart:1782:16)
#85     RootElement.update (package:flutter/src/widgets/binding.dart:1760:5)
#86     RootElement.performRebuild (package:flutter/src/widgets/binding.dart:1774:7)
#87     Element.rebuild (package:flutter/src/widgets/framework.dart:5532:7)
#88     BuildScope._tryRebuild (package:flutter/src/widgets/framework.dart:2750:15)
#89     BuildScope._flushDirtyElements (package:flutter/src/widgets/framework.dart:2807:11)
#90     BuildOwner.buildScope (package:flutter/src/widgets/framework.dart:3111:18)
#91     AutomatedTestWidgetsFlutterBinding.drawFrame (package:flutter_test/src/binding.dart:1506:19)
#92     RendererBinding._handlePersistentFrameCallback (package:flutter/src/rendering/binding.dart:495:5)
#93     SchedulerBinding._invokeFrameCallback (package:flutter/src/scheduler/binding.dart:1434:15)
#94     SchedulerBinding.handleDrawFrame (package:flutter/src/scheduler/binding.dart:1347:9)
#95     AutomatedTestWidgetsFlutterBinding.pump.<anonymous closure> (package:flutter_test/src/binding.dart:1335:9)
#98     TestAsyncUtils.guard (package:flutter_test/src/test_async_utils.dart:74:41)
#99     AutomatedTestWidgetsFlutterBinding.pump (package:flutter_test/src/binding.dart:1324:27)
#100    WidgetTester.pumpWidget.<anonymous closure> (package:flutter_test/src/widget_tester.dart:598:22)
#103    TestAsyncUtils.guard (package:flutter_test/src/test_async_utils.dart:74:41)
#104    WidgetTester.pumpWidget (package:flutter_test/src/widget_tester.dart:595:27)
#105    main.<anonymous closure> (file:///Users/raudineisilvapereira/Documents/SoloForte/soloforte_app/test/widget_test.dart:11:18)
#106    testWidgets.<anonymous closure>.<anonymous closure> (package:flutter_test/src/widget_tester.dart:192:29)
#107    TestWidgetsFlutterBinding._runTestBody (package:flutter_test/src/binding.dart:1059:5)
#111    ShellRouteBase._debugCheckSubRouteParentNavigatorKeys (package:go_router/src/route.dart:518:9)
#112    new ShellRoute.<anonymous closure> (package:go_router/src/route.dart:727:22)
#113    new ShellRoute (package:go_router/src/route.dart:732:6)
#114    routerProvider.<anonymous closure> (package:soloforte_app/core/router.dart:119:7)
#115    ProviderContainer.listen (package:riverpod/src/framework/container.dart:280:21)
#116    ConsumerStatefulElement.watch.<anonymous closure> (package:flutter_riverpod/src/consumer.dart:564:25)
#117    _LinkedHashMapMixin.putIfAbsent (dart:_compact_hash:675:23)
#118    ConsumerStatefulElement.watch (package:flutter_riverpod/src/consumer.dart:557:26)
#119    SoloForteApp.build (package:soloforte_app/main.dart:51:24)
#120    _ConsumerState.build (package:flutter_riverpod/src/consumer.dart:476:19)
#121    StatefulElement.build (package:flutter/src/widgets/framework.dart:5934:27)
#122    ConsumerStatefulElement.build (package:flutter_riverpod/src/consumer.dart:539:20)
#123    ComponentElement.performRebuild (package:flutter/src/widgets/framework.dart:5820:15)
#124    StatefulElement.performRebuild (package:flutter/src/widgets/framework.dart:5985:11)
#125    Element.rebuild (package:flutter/src/widgets/framework.dart:5532:7)
#126    ComponentElement._firstBuild (package:flutter/src/widgets/framework.dart:5802:5)
#127    StatefulElement._firstBuild (package:flutter/src/widgets/framework.dart:5976:11)
#128    ComponentElement.mount (package:flutter/src/widgets/framework.dart:5796:5)
...     Normal element mounting (7 frames)
#135    _UncontrolledProviderScopeElement.mount (package:flutter_riverpod/src/framework.dart:315:11)
...     Normal element mounting (9 frames)
#144    Element.inflateWidget (package:flutter/src/widgets/framework.dart:4590:20)
#145    Element.updateChild (package:flutter/src/widgets/framework.dart:4053:20)
#146    ComponentElement.performRebuild (package:flutter/src/widgets/framework.dart:5844:16)
#147    Element.rebuild (package:flutter/src/widgets/framework.dart:5532:7)
#148    ProxyElement.update (package:flutter/src/widgets/framework.dart:6152:5)
#149    _InheritedNotifierElement.update (package:flutter/src/widgets/inherited_notifier.dart:108:11)
#150    Element.updateChild (package:flutter/src/widgets/framework.dart:4037:15)
#151    ComponentElement.performRebuild (package:flutter/src/widgets/framework.dart:5844:16)
#152    StatefulElement.performRebuild (package:flutter/src/widgets/framework.dart:5985:11)
#153    Element.rebuild (package:flutter/src/widgets/framework.dart:5532:7)
#154    StatefulElement.update (package:flutter/src/widgets/framework.dart:6010:5)
#155    Element.updateChild (package:flutter/src/widgets/framework.dart:4037:15)
#156    ComponentElement.performRebuild (package:flutter/src/widgets/framework.dart:5844:16)
#157    Element.rebuild (package:flutter/src/widgets/framework.dart:5532:7)
#158    ProxyElement.update (package:flutter/src/widgets/framework.dart:6152:5)
#159    _InheritedNotifierElement.update (package:flutter/src/widgets/inherited_notifier.dart:108:11)
#160    Element.updateChild (package:flutter/src/widgets/framework.dart:4037:15)
#161    ComponentElement.performRebuild (package:flutter/src/widgets/framework.dart:5844:16)
#162    StatefulElement.performRebuild (package:flutter/src/widgets/framework.dart:5985:11)
#163    Element.rebuild (package:flutter/src/widgets/framework.dart:5532:7)
#164    StatefulElement.update (package:flutter/src/widgets/framework.dart:6010:5)
#165    Element.updateChild (package:flutter/src/widgets/framework.dart:4037:15)
#166    ComponentElement.performRebuild (package:flutter/src/widgets/framework.dart:5844:16)
#167    StatefulElement.performRebuild (package:flutter/src/widgets/framework.dart:5985:11)
#168    Element.rebuild (package:flutter/src/widgets/framework.dart:5532:7)
#169    StatefulElement.update (package:flutter/src/widgets/framework.dart:6010:5)
#170    Element.updateChild (package:flutter/src/widgets/framework.dart:4037:15)
#171    ComponentElement.performRebuild (package:flutter/src/widgets/framework.dart:5844:16)
#172    Element.rebuild (package:flutter/src/widgets/framework.dart:5532:7)
#173    ProxyElement.update (package:flutter/src/widgets/framework.dart:6152:5)
#174    Element.updateChild (package:flutter/src/widgets/framework.dart:4037:15)
#175    ComponentElement.performRebuild (package:flutter/src/widgets/framework.dart:5844:16)
#176    StatefulElement.performRebuild (package:flutter/src/widgets/framework.dart:5985:11)
#177    Element.rebuild (package:flutter/src/widgets/framework.dart:5532:7)
#178    StatefulElement.update (package:flutter/src/widgets/framework.dart:6010:5)
#179    Element.updateChild (package:flutter/src/widgets/framework.dart:4037:15)
#180    ComponentElement.performRebuild (package:flutter/src/widgets/framework.dart:5844:16)
#181    Element.rebuild (package:flutter/src/widgets/framework.dart:5532:7)
#182    ProxyElement.update (package:flutter/src/widgets/framework.dart:6152:5)
#183    Element.updateChild (package:flutter/src/widgets/framework.dart:4037:15)
#184    ComponentElement.performRebuild (package:flutter/src/widgets/framework.dart:5844:16)
#185    Element.rebuild (package:flutter/src/widgets/framework.dart:5532:7)
#186    ProxyElement.update (package:flutter/src/widgets/framework.dart:6152:5)
#187    Element.updateChild (package:flutter/src/widgets/framework.dart:4037:15)
#188    _RawViewElement._updateChild (package:flutter/src/widgets/view.dart:481:16)
#189    _RawViewElement.update (package:flutter/src/widgets/view.dart:568:5)
#190    Element.updateChild (package:flutter/src/widgets/framework.dart:4037:15)
#191    ComponentElement.performRebuild (package:flutter/src/widgets/framework.dart:5844:16)
#192    Element.rebuild (package:flutter/src/widgets/framework.dart:5532:7)
#193    StatelessElement.update (package:flutter/src/widgets/framework.dart:5898:5)
#194    Element.updateChild (package:flutter/src/widgets/framework.dart:4037:15)
#195    ComponentElement.performRebuild (package:flutter/src/widgets/framework.dart:5844:16)
#196    StatefulElement.performRebuild (package:flutter/src/widgets/framework.dart:5985:11)
#197    Element.rebuild (package:flutter/src/widgets/framework.dart:5532:7)
#198    StatefulElement.update (package:flutter/src/widgets/framework.dart:6010:5)
#199    Element.updateChild (package:flutter/src/widgets/framework.dart:4037:15)
#200    RootElement._rebuild (package:flutter/src/widgets/binding.dart:1782:16)
#201    RootElement.update (package:flutter/src/widgets/binding.dart:1760:5)
#202    RootElement.performRebuild (package:flutter/src/widgets/binding.dart:1774:7)
#203    Element.rebuild (package:flutter/src/widgets/framework.dart:5532:7)
#204    BuildScope._tryRebuild (package:flutter/src/widgets/framework.dart:2750:15)
#205    BuildScope._flushDirtyElements (package:flutter/src/widgets/framework.dart:2807:11)
#206    BuildOwner.buildScope (package:flutter/src/widgets/framework.dart:3111:18)
#207    AutomatedTestWidgetsFlutterBinding.drawFrame (package:flutter_test/src/binding.dart:1506:19)
#208    RendererBinding._handlePersistentFrameCallback (package:flutter/src/rendering/binding.dart:495:5)
#209    SchedulerBinding._invokeFrameCallback (package:flutter/src/scheduler/binding.dart:1434:15)
#210    SchedulerBinding.handleDrawFrame (package:flutter/src/scheduler/binding.dart:1347:9)
#211    AutomatedTestWidgetsFlutterBinding.pump.<anonymous closure> (package:flutter_test/src/binding.dart:1335:9)
#214    TestAsyncUtils.guard (package:flutter_test/src/test_async_utils.dart:74:41)
#215    AutomatedTestWidgetsFlutterBinding.pump (package:flutter_test/src/binding.dart:1324:27)
#216    WidgetTester.pumpWidget.<anonymous closure> (package:flutter_test/src/widget_tester.dart:598:22)
#219    TestAsyncUtils.guard (package:flutter_test/src/test_async_utils.dart:74:41)
#220    WidgetTester.pumpWidget (package:flutter_test/src/widget_tester.dart:595:27)
#221    main.<anonymous closure> (file:///Users/raudineisilvapereira/Documents/SoloForte/soloforte_app/test/widget_test.dart:11:18)
#222    testWidgets.<anonymous closure>.<anonymous closure> (package:flutter_test/src/widget_tester.dart:192:29)
#224    testWidgets.<anonymous closure>.<anonymous closure> (package:flutter_test/src/widget_tester.dart:189:25)
#225    TestWidgetsFlutterBinding._runTestBody (package:flutter_test/src/binding.dart:1059:19)
#227    TestWidgetsFlutterBinding._runTestBody (package:flutter_test/src/binding.dart:1048:5)
#230    TestWidgetsFlutterBinding._runTest (package:flutter_test/src/binding.dart:1033:10)
#231    AutomatedTestWidgetsFlutterBinding.runTest.<anonymous closure> (package:flutter_test/src/binding.dart:1564:24)
#232    FakeAsync.run.<anonymous closure>.<anonymous closure> (package:fake_async/fake_async.dart:182:47)
#237    withClock (package:clock/src/default.dart:52:10)
#238    FakeAsync.run.<anonymous closure> (package:fake_async/fake_async.dart:182:15)
#243    FakeAsync.run (package:fake_async/fake_async.dart:181:52)
#244    AutomatedTestWidgetsFlutterBinding.runTest (package:flutter_test/src/binding.dart:1561:15)
#245    testWidgets.<anonymous closure> (package:flutter_test/src/widget_tester.dart:184:24)
#246    Declarer.test.<anonymous closure>.<anonymous closure> (package:test_api/src/backend/declarer.dart:242:19)
#248    Declarer.test.<anonymous closure>.<anonymous closure> (package:test_api/src/backend/declarer.dart:241:9)
#253    Declarer.test.<anonymous closure> (package:test_api/src/backend/declarer.dart:240:13)
#254    Invoker._waitForOutstandingCallbacks.<anonymous closure> (package:test_api/src/backend/invoker.dart:282:17)
#259    Invoker._waitForOutstandingCallbacks (package:test_api/src/backend/invoker.dart:278:5)
#260    Invoker._onRun.<anonymous closure>.<anonymous closure>.<anonymous closure> (package:test_api/src/backend/invoker.dart:418:17)
#262    Invoker._onRun.<anonymous closure>.<anonymous closure>.<anonymous closure> (package:test_api/src/backend/invoker.dart:416:11)
#267    Invoker._onRun.<anonymous closure>.<anonymous closure> (package:test_api/src/backend/invoker.dart:407:9)
#268    Invoker._guardIfGuarded (package:test_api/src/backend/invoker.dart:450:15)
#269    Invoker._onRun.<anonymous closure> (package:test_api/src/backend/invoker.dart:406:7)
#276    Invoker._onRun (package:test_api/src/backend/invoker.dart:405:11)
#277    LiveTestController.run (package:test_api/src/backend/live_test_controller.dart:153:11)
#278    RemoteListener._runLiveTest.<anonymous closure> (package:test_api/src/backend/remote_listener.dart:275:16)
#283    RemoteListener._runLiveTest (package:test_api/src/backend/remote_listener.dart:274:5)
#284    RemoteListener._serializeTest.<anonymous closure> (package:test_api/src/backend/remote_listener.dart:221:7)
#302    _GuaranteeSink.add (package:stream_channel/src/guarantee_channel.dart:125:12)
#303    new _MultiChannel.<anonymous closure> (package:stream_channel/src/multi_channel.dart:159:31)
#305    CastStreamSubscription._onData (dart:_internal/async_cast.dart:95:11)
#331    new _WebSocketImpl._fromSocket.<anonymous closure> (dart:_http/websocket_impl.dart:1252:27)
#337    _WebSocketProtocolTransformer._messageFrameEnd (dart:_http/websocket_impl.dart:348:23)
#338    _WebSocketProtocolTransformer.add (dart:_http/websocket_impl.dart:238:46)
#346    _Socket._onData (dart:io-patch/socket_patch.dart:2880:41)
#353    new _RawSocket.<anonymous closure> (dart:io-patch/socket_patch.dart:2315:31)
#354    _NativeSocket.issueReadEvent.issue (dart:io-patch/socket_patch.dart:1655:14)
(elided 110 frames from class _AssertionError, dart:async, and package:stack_trace)

════════════════════════════════════════════════════════════════════════════════════════════════════
══╡ EXCEPTION CAUGHT BY FLUTTER TEST FRAMEWORK ╞════════════════════════════════════════════════════
The following TestFailure was thrown running a test:
Expected: exactly one matching candidate
  Actual: _TypeWidgetFinder:<Found 0 widgets with type "LandingScreen": []>
   Which: means none were found but one was expected

When the exception was thrown, this was the stack:
#4      main.<anonymous closure> (file:///Users/raudineisilvapereira/Documents/SoloForte/soloforte_app/test/widget_test.dart:17:5)
<asynchronous suspension>
#5      testWidgets.<anonymous closure>.<anonymous closure> (package:flutter_test/src/widget_tester.dart:192:15)
<asynchronous suspension>
#6      TestWidgetsFlutterBinding._runTestBody (package:flutter_test/src/binding.dart:1059:5)
<asynchronous suspension>
<asynchronous suspension>
(elided one frame from package:stack_trace)

This was caught by the test expectation on the following line:
  file:///Users/raudineisilvapereira/Documents/SoloForte/soloforte_app/test/widget_test.dart line 17
The test description was:
  SoloForteApp smoke test
════════════════════════════════════════════════════════════════════════════════════════════════════
══╡ EXCEPTION CAUGHT BY FLUTTER TEST FRAMEWORK ╞════════════════════════════════════════════════════
The following message was thrown:
Multiple exceptions (2) were detected during the running of the current test, and at least one was
unexpected.
════════════════════════════════════════════════════════════════════════════════════════════════════
00:01 +0 -1: SoloForteApp smoke test [E]                                                                                                                                                               
  Test failed. See exception logs above.
  The test description was: SoloForteApp smoke test
  

To run this test again: /Users/raudineisilvapereira/Documents/SoloForte/app/SoloforteFlutter/flutter/bin/cache/dart-sdk/bin/dart test /Users/raudineisilvapereira/Documents/SoloForte/soloforte_app/test/widget_test.dart -p vm --plain-name 'SoloForteApp smoke test'
00:01 +0 -1: Some tests failed.                                                                                                                                                                        
